// Jest Snapshot v1, https://goo.gl/fbAQLP

exports[`Themes spec should render proper 1`] = `null`;
